******************************************************************************
                  MSP430 Linker PC v21.6.1                     
******************************************************************************
>> Linked Sat Dec 16 23:48:37 2023

OUTPUT FILE NAME:   <Final_work.out>
ENTRY POINT SYMBOL: "_c_int00_noargs"  address: 0000df46


MEMORY CONFIGURATION

         name            origin    length      used     unused   attr    fill
----------------------  --------  ---------  --------  --------  ----  --------
  SFR                   00000000   00000010  00000000  00000010  RWIX
  PERIPHERALS_8BIT      00000010   000000f0  00000000  000000f0  RWIX
  PERIPHERALS_16BIT     00000100   00000100  00000000  00000100  RWIX
  RAM                   00000200   00000200  000000a5  0000015b  RWIX
  INFOD                 00001000   00000040  00000000  00000040  RWIX
  INFOC                 00001040   00000040  00000000  00000040  RWIX
  INFOB                 00001080   00000040  00000000  00000040  RWIX
  INFOA                 000010c0   00000040  00000000  00000040  RWIX
  FLASH                 0000c000   00003fde  000020a0  00001f3e  RWIX
  BSLSIGNATURE          0000ffde   00000002  00000002  00000000  RWIX  ffff 
  INT00                 0000ffe0   00000002  00000002  00000000  RWIX
  INT01                 0000ffe2   00000002  00000000  00000002  RWIX
  INT02                 0000ffe4   00000002  00000002  00000000  RWIX
  INT03                 0000ffe6   00000002  00000002  00000000  RWIX
  INT04                 0000ffe8   00000002  00000000  00000002  RWIX
  INT05                 0000ffea   00000002  00000002  00000000  RWIX
  INT06                 0000ffec   00000002  00000002  00000000  RWIX
  INT07                 0000ffee   00000002  00000002  00000000  RWIX
  INT08                 0000fff0   00000002  00000002  00000000  RWIX
  INT09                 0000fff2   00000002  00000002  00000000  RWIX
  INT10                 0000fff4   00000002  00000002  00000000  RWIX
  INT11                 0000fff6   00000002  00000002  00000000  RWIX
  INT12                 0000fff8   00000002  00000002  00000000  RWIX
  INT13                 0000fffa   00000002  00000002  00000000  RWIX
  INT14                 0000fffc   00000002  00000002  00000000  RWIX
  RESET                 0000fffe   00000002  00000002  00000000  RWIX


SECTION ALLOCATION MAP

 output                                  attributes/
section   page    origin      length       input sections
--------  ----  ----------  ----------   ----------------
.data      0    00000200    00000043     UNINITIALIZED
                  00000200    0000002c     main.obj (.data)
                  0000022c    00000010     LCD_128.obj (.data:LCD_Buffer)
                  0000023c    00000004     TCA6416A.obj (.data)
                  00000240    00000003     I2C.obj (.data)

.bss       0    00000244    00000012     UNINITIALIZED
                  00000244    00000004     I2C.obj (.bss)
                  00000248    00000004     (.common:IntDeg)
                  0000024c    00000004     (.common:temp)
                  00000250    00000004     (.common:voltage)
                  00000254    00000001     (.common:clock_change)
                  00000255    00000001     (.common:light)

.stack     0    000003b0    00000050     UNINITIALIZED
                  000003b0    00000002     rts430_eabi.lib : boot.c.obj (.stack)
                  000003b2    0000004e     --HOLE--

.text      0    0000c000    00002078     
                  0000c000    0000053a     LCD_128.obj (.text:LCD_DisplayDigit)
                  0000c53a    0000036c     main.obj (.text:I2C_IODect)
                  0000c8a6    00000304     main.obj (.text:change_month_day)
                  0000cbaa    000002ca     main.obj (.text:clock)
                  0000ce74    0000027c     main.obj (.text:freqmeter)
                  0000d0f0    000001e6     main.obj (.text:thermometer)
                  0000d2d6    00000114     main.obj (.text:voltmeter)
                  0000d3ea    000000e4     HT1621.obj (.text:HT1621_init)
                  0000d4ce    000000d4     main.obj (.text:Time0_Tick)
                  0000d5a2    000000c4     rts430_eabi.lib : fs_mpy.asm.obj (.text)
                  0000d666    000000b4     TCA6416A.obj (.text:PinOUT)
                  0000d71a    0000009c     rts430_eabi.lib : fs_div.asm.obj (.text)
                  0000d7b6    00000088     HT1621.obj (.text:HT1621_Reflash)
                  0000d83e    0000007e     rts430_eabi.lib : fs_tol.asm.obj (.text)
                  0000d8bc    0000007c                     : copy_decompress_lzss.c.obj (.text:decompress:lzss:__TI_decompress_lzss)
                  0000d938    00000072     main.obj (.text:Time1_Tick)
                  0000d9aa    0000006e     TCA6416A.obj (.text:TCA6416A_Init)
                  0000da18    00000058     rts430_eabi.lib : div32u.asm.obj (.text)
                  0000da70    00000052     TCA6416A.obj (.text:PinIN)
                  0000dac2    0000004c     rts430_eabi.lib : lsr16.asm.obj (.text)
                  0000db0e    0000004a     main.obj (.text:main)
                  0000db58    0000004a     rts430_eabi.lib : fs_cmp.asm.obj (.text)
                  0000dba2    0000004a                     : fs_ltof.asm.obj (.text)
                  0000dbec    00000042                     : autoinit.c.obj (.text:__TI_auto_init_nobinit_nopinit:__TI_auto_init_nobinit_nopinit)
                  0000dc2e    00000040                     : div32s.asm.obj (.text)
                  0000dc6e    0000003e     I2C.obj (.text:USCIAB0TX_ISR)
                  0000dcac    00000038     I2C.obj (.text:I2C_Init)
                  0000dce4    00000036     HT1621.obj (.text:HT1621_SendBit)
                  0000dd1a    0000002c     rts430_eabi.lib : asr16.asm.obj (.text)
                  0000dd46    0000002c                     : div16s.asm.obj (.text)
                  0000dd72    0000002c                     : lsl16.asm.obj (.text)
                  0000dd9e    0000002a     I2C.obj (.text:I2C_RxFrame)
                  0000ddc8    0000002a     main.obj (.text:LCD_Init)
                  0000ddf2    00000028     main.obj (.text:ADC10_Voltage_Init)
                  0000de1a    00000026     I2C.obj (.text:I2C_TxFrame)
                  0000de40    00000026     rts430_eabi.lib : mult32.asm.obj (.text)
                  0000de66    00000024     main.obj (.text:ADC10_Temperature_Init)
                  0000de8a    00000022     I2C.obj (.text:I2C_TxFrame_ISR)
                  0000deac    00000020     I2C.obj (.text:I2C_Rx_Init)
                  0000decc    00000020     I2C.obj (.text:I2C_Tx_Init)
                  0000deec    0000001e     I2C.obj (.text:I2C_RxFrame_ISR)
                  0000df0a    0000001e     LCD_128.obj (.text:LCD_ClearSeg)
                  0000df28    0000001e     LCD_128.obj (.text:LCD_DisplaySeg)
                  0000df46    0000001c     rts430_eabi.lib : boot.c.obj (.text:_c_int00_noargs)
                  0000df62    0000001a     main.obj (.text:TIME_Init)
                  0000df7c    00000018     main.obj (.text:Capture_Init)
                  0000df94    00000018     main.obj (.text:InitSystemClock)
                  0000dfac    00000018     TCA6416A.obj (.text:TCA6416_Rx_Frame)
                  0000dfc4    00000018     TCA6416A.obj (.text:TCA6416_Tx_Frame)
                  0000dfdc    00000016     LCD_128.obj (.text:LCD_Clear)
                  0000dff2    00000016     rts430_eabi.lib : div16u.asm.obj (.text)
                  0000e008    00000014                     : copy_zero_init.c.obj (.text:decompress:ZI:__TI_zero_init_nomemset:__TI_zero_init_nomemset)
                  0000e01c    00000014                     : memset.c.obj (.text:memset)
                  0000e030    00000012                     : copy_decompress_none.c.obj (.text:decompress:none:__TI_decompress_none)
                  0000e042    00000012                     : memcpy.c.obj (.text:memcpy)
                  0000e054    00000010                     : epilog.asm.obj (.text)
                  0000e064    00000008                     : isr_trap.asm.obj (.text:_isr:__TI_ISR_TRAP)
                  0000e06c    00000006                     : exit.c.obj (.text:abort)
                  0000e072    00000004                     : pre_init.c.obj (.text:_system_pre_init)
                  0000e076    00000002                     : startup.c.obj (.text:_system_post_cinit)

.cinit     0    0000e078    00000028     
                  0000e078    00000016     (.cinit..data.load) [load image, compression = lzss]
                  0000e08e    00000006     (__TI_handler_table)
                  0000e094    00000004     (.cinit..bss.load) [load image, compression = zero_init]
                  0000e098    00000008     (__TI_cinit_table)

.binit     0    0000c000    00000000     

.init_array 
*          0    0000c000    00000000     UNINITIALIZED

TRAPINT    0    0000ffe0    00000002     
                  0000ffe0    00000002     rts430_eabi.lib : int00.asm.obj (.int00)

PORT1      0    0000ffe4    00000002     
                  0000ffe4    00000002     rts430_eabi.lib : int02.asm.obj (.int02)

PORT2      0    0000ffe6    00000002     
                  0000ffe6    00000002     rts430_eabi.lib : int03.asm.obj (.int03)

ADC10      0    0000ffea    00000002     
                  0000ffea    00000002     rts430_eabi.lib : int05.asm.obj (.int05)

USCIAB0TX 
*          0    0000ffec    00000002     
                  0000ffec    00000002     I2C.obj (.int06)

USCIAB0RX 
*          0    0000ffee    00000002     
                  0000ffee    00000002     rts430_eabi.lib : int07.asm.obj (.int07)

TIMER0_A1 
*          0    0000fff0    00000002     
                  0000fff0    00000002     main.obj (.int08)

TIMER0_A0 
*          0    0000fff2    00000002     
                  0000fff2    00000002     rts430_eabi.lib : int09.asm.obj (.int09)

WDT        0    0000fff4    00000002     
                  0000fff4    00000002     rts430_eabi.lib : int10.asm.obj (.int10)

COMPARATORA 
*          0    0000fff6    00000002     
                  0000fff6    00000002     rts430_eabi.lib : int11.asm.obj (.int11)

TIMER1_A1 
*          0    0000fff8    00000002     
                  0000fff8    00000002     main.obj (.int12)

TIMER1_A0 
*          0    0000fffa    00000002     
                  0000fffa    00000002     rts430_eabi.lib : int13.asm.obj (.int13)

NMI        0    0000fffc    00000002     
                  0000fffc    00000002     rts430_eabi.lib : int14.asm.obj (.int14)

.reset     0    0000fffe    00000002     
                  0000fffe    00000002     rts430_eabi.lib : boot.c.obj (.reset)

$fill000   0    0000ffde    00000002     
                  0000ffde    00000002     --HOLE-- [fill = ffff]

MODULE SUMMARY

       Module                       code   ro data   rw data
       ------                       ----   -------   -------
    .\
       main.obj                     4352   4         58     
    +--+----------------------------+------+---------+---------+
       Total:                       4352   4         58     
                                                            
    .\src\
       LCD_128.obj                  1420   0         16     
       TCA6416A.obj                 420    0         4      
       HT1621.obj                   418    0         0      
       I2C.obj                      326    2         7      
    +--+----------------------------+------+---------+---------+
       Total:                       2584   2         27     
                                                            
    D:\ti\ccs1250\ccs\tools\compiler\ti-cgt-msp430_21.6.1.LTS\lib\rts430_eabi.lib
       fs_mpy.asm.obj               196    0         0      
       fs_div.asm.obj               156    0         0      
       fs_tol.asm.obj               126    0         0      
       copy_decompress_lzss.c.obj   124    0         0      
       div32u.asm.obj               88     0         0      
       lsr16.asm.obj                76     0         0      
       fs_cmp.asm.obj               74     0         0      
       fs_ltof.asm.obj              74     0         0      
       autoinit.c.obj               66     0         0      
       div32s.asm.obj               64     0         0      
       asr16.asm.obj                44     0         0      
       div16s.asm.obj               44     0         0      
       lsl16.asm.obj                44     0         0      
       mult32.asm.obj               38     0         0      
       boot.c.obj                   28     2         0      
       div16u.asm.obj               22     0         0      
       copy_zero_init.c.obj         20     0         0      
       memset.c.obj                 20     0         0      
       copy_decompress_none.c.obj   18     0         0      
       memcpy.c.obj                 18     0         0      
       epilog.asm.obj               16     0         0      
       isr_trap.asm.obj             8      0         0      
       exit.c.obj                   6      0         0      
       pre_init.c.obj               4      0         0      
       int00.asm.obj                0      2         0      
       int02.asm.obj                0      2         0      
       int03.asm.obj                0      2         0      
       int05.asm.obj                0      2         0      
       int07.asm.obj                0      2         0      
       int09.asm.obj                0      2         0      
       int10.asm.obj                0      2         0      
       int11.asm.obj                0      2         0      
       int13.asm.obj                0      2         0      
       int14.asm.obj                0      2         0      
       startup.c.obj                2      0         0      
    +--+----------------------------+------+---------+---------+
       Total:                       1376   22        0      
                                                            
       Stack:                       0      0         80     
       Linker Generated:            0      40        0      
    +--+----------------------------+------+---------+---------+
       Grand Total:                 8312   68        165    


LINKER GENERATED COPY TABLES

__TI_cinit_table @ 0000e098 records: 2, size/record: 4, table size: 8
	.data: load addr=0000e078, load size=00000016 bytes, run addr=00000200, run size=00000043 bytes, compression=lzss
	.bss: load addr=0000e094, load size=00000004 bytes, run addr=00000244, run size=00000012 bytes, compression=zero_init


LINKER GENERATED HANDLER TABLE

__TI_handler_table @ 0000e08e records: 3, size/record: 2, table size: 6
	index: 0, handler: __TI_zero_init
	index: 1, handler: __TI_decompress_lzss
	index: 2, handler: __TI_decompress_none


GLOBAL SYMBOLS: SORTED ALPHABETICALLY BY Name 

address   name                          
-------   ----                          
0000004a  ADC10AE0                      
000001b0  ADC10CTL0                     
000001b2  ADC10CTL1                     
00000048  ADC10DTC0                     
00000049  ADC10DTC1                     
000001b4  ADC10MEM                      
000001bc  ADC10SA                       
0000de66  ADC10_Temperature_Init        
0000ddf2  ADC10_Voltage_Init            
00000057  BCSCTL1                       
00000058  BCSCTL2                       
00000053  BCSCTL3                       
0000e06c  C$$EXIT                       
00000059  CACTL1                        
0000005a  CACTL2                        
000010fb  CALBC1_12MHZ                  
000010f9  CALBC1_16MHZ                  
000010ff  CALBC1_1MHZ                   
000010fd  CALBC1_8MHZ                   
000010fa  CALDCO_12MHZ                  
000010f8  CALDCO_16MHZ                  
000010fe  CALDCO_1MHZ                   
000010fc  CALDCO_8MHZ                   
0000005b  CAPD                          
0000df7c  Capture_Init                  
00000056  DCOCTL                        
00000128  FCTL1                         
0000012a  FCTL2                         
0000012c  FCTL3                         
0000d7b6  HT1621_Reflash                
0000dce4  HT1621_SendBit                
0000d3ea  HT1621_init                   
0000c53a  I2C_IODect                    
0000dcac  I2C_Init                      
0000dd9e  I2C_RxFrame                   
0000deec  I2C_RxFrame_ISR               
0000deac  I2C_Rx_Init                   
00000242  I2C_State                     
0000de1a  I2C_TxFrame                   
0000de8a  I2C_TxFrame_ISR               
0000decc  I2C_Tx_Init                   
00000000  IE1                           
00000001  IE2                           
00000002  IFG1                          
00000003  IFG2                          
0000df94  InitSystemClock               
00000248  IntDeg                        
0000022c  LCD_Buffer                    
0000dfdc  LCD_Clear                     
0000df0a  LCD_ClearSeg                  
0000c000  LCD_DisplayDigit              
0000df28  LCD_DisplaySeg                
0000ddc8  LCD_Init                      
00000022  P1DIR                         
00000025  P1IE                          
00000024  P1IES                         
00000023  P1IFG                         
00000020  P1IN                          
00000021  P1OUT                         
00000027  P1REN                         
00000026  P1SEL                         
00000041  P1SEL2                        
0000002a  P2DIR                         
0000002d  P2IE                          
0000002c  P2IES                         
0000002b  P2IFG                         
00000028  P2IN                          
00000029  P2OUT                         
0000002f  P2REN                         
0000002e  P2SEL                         
00000042  P2SEL2                        
0000001a  P3DIR                         
00000018  P3IN                          
00000019  P3OUT                         
00000010  P3REN                         
0000001b  P3SEL                         
00000043  P3SEL2                        
0000da70  PinIN                         
0000d666  PinOUT                        
00000172  TA0CCR0                       
00000174  TA0CCR1                       
00000176  TA0CCR2                       
00000162  TA0CCTL0                      
00000164  TA0CCTL1                      
00000166  TA0CCTL2                      
00000160  TA0CTL                        
0000012e  TA0IV                         
00000170  TA0R                          
00000192  TA1CCR0                       
00000194  TA1CCR1                       
00000196  TA1CCR2                       
00000182  TA1CCTL0                      
00000184  TA1CCTL1                      
00000186  TA1CCTL2                      
00000180  TA1CTL                        
0000011e  TA1IV                         
00000190  TA1R                          
0000d9aa  TCA6416A_Init                 
0000023c  TCA6416A_InputBuffer          
0000dfac  TCA6416_Rx_Frame              
0000dfc4  TCA6416_Tx_Frame              
0000df62  TIME_Init                     
000010db  TLV_ADC10_1_LEN               
000010da  TLV_ADC10_1_TAG               
000010c0  TLV_CHECKSUM                  
000010f7  TLV_DCO_30_LEN                
000010f6  TLV_DCO_30_TAG                
0000d4ce  Time0_Tick                    
0000d938  Time1_Tick                    
0000005d  UCA0ABCTL                     
00000062  UCA0BR0                       
00000063  UCA0BR1                       
00000060  UCA0CTL0                      
00000061  UCA0CTL1                      
0000005f  UCA0IRRCTL                    
0000005e  UCA0IRTCTL                    
00000064  UCA0MCTL                      
00000066  UCA0RXBUF                     
00000065  UCA0STAT                      
00000067  UCA0TXBUF                     
0000006a  UCB0BR0                       
0000006b  UCB0BR1                       
00000068  UCB0CTL0                      
00000069  UCB0CTL1                      
0000006c  UCB0I2CIE                     
00000118  UCB0I2COA                     
0000011a  UCB0I2CSA                     
0000006e  UCB0RXBUF                     
0000006d  UCB0STAT                      
0000006f  UCB0TXBUF                     
0000dc6e  USCIAB0TX_ISR                 
00000120  WDTCTL                        
00000400  __STACK_END                   
00000050  __STACK_SIZE                  
0000e098  __TI_CINIT_Base               
0000e0a0  __TI_CINIT_Limit              
0000e0a0  __TI_CINIT_Warm               
0000e08e  __TI_Handler_Table_Base       
0000e094  __TI_Handler_Table_Limit      
0000e064  __TI_ISR_TRAP                 
0000dbec  __TI_auto_init_nobinit_nopinit
0000d8bc  __TI_decompress_lzss          
0000e030  __TI_decompress_none          
0000ffe0  __TI_int00                    
0000ffe4  __TI_int02                    
0000ffe6  __TI_int03                    
0000ffea  __TI_int05                    
0000ffec  __TI_int06                    
0000ffee  __TI_int07                    
0000fff0  __TI_int08                    
0000fff2  __TI_int09                    
0000fff4  __TI_int10                    
0000fff6  __TI_int11                    
0000fff8  __TI_int12                    
0000fffa  __TI_int13                    
0000fffc  __TI_int14                    
ffffffff  __TI_pprof_out_hndl           
ffffffff  __TI_prof_data_size           
ffffffff  __TI_prof_data_start          
0000e008  __TI_zero_init_nomemset       
ffffffff  __c_args__                    
0000db58  __mspabi_cmpf                 
0000d71a  __mspabi_divf                 
0000dd46  __mspabi_divi                 
0000dc2e  __mspabi_divli                
0000dff2  __mspabi_divu                 
0000da18  __mspabi_divul                
0000d83e  __mspabi_fixfli               
0000dba2  __mspabi_fltlif               
0000e060  __mspabi_func_epilog_1        
0000e05e  __mspabi_func_epilog_2        
0000e05c  __mspabi_func_epilog_3        
0000e05a  __mspabi_func_epilog_4        
0000e058  __mspabi_func_epilog_5        
0000e056  __mspabi_func_epilog_6        
0000e054  __mspabi_func_epilog_7        
0000d5a2  __mspabi_mpyf                 
0000de40  __mspabi_mpyl                 
0000de40  __mspabi_mpyl_sw              
0000dd46  __mspabi_remi                 
0000dc2e  __mspabi_remli                
0000dff2  __mspabi_remu                 
0000da18  __mspabi_remul                
0000dd72  __mspabi_slli                 
0000dd9a  __mspabi_slli_1               
0000dd88  __mspabi_slli_10              
0000dd86  __mspabi_slli_11              
0000dd84  __mspabi_slli_12              
0000dd82  __mspabi_slli_13              
0000dd80  __mspabi_slli_14              
0000dd7e  __mspabi_slli_15              
0000dd98  __mspabi_slli_2               
0000dd96  __mspabi_slli_3               
0000dd94  __mspabi_slli_4               
0000dd92  __mspabi_slli_5               
0000dd90  __mspabi_slli_6               
0000dd8e  __mspabi_slli_7               
0000dd8c  __mspabi_slli_8               
0000dd8a  __mspabi_slli_9               
0000dd1a  __mspabi_srai                 
0000dd42  __mspabi_srai_1               
0000dd30  __mspabi_srai_10              
0000dd2e  __mspabi_srai_11              
0000dd2c  __mspabi_srai_12              
0000dd2a  __mspabi_srai_13              
0000dd28  __mspabi_srai_14              
0000dd26  __mspabi_srai_15              
0000dd40  __mspabi_srai_2               
0000dd3e  __mspabi_srai_3               
0000dd3c  __mspabi_srai_4               
0000dd3a  __mspabi_srai_5               
0000dd38  __mspabi_srai_6               
0000dd36  __mspabi_srai_7               
0000dd34  __mspabi_srai_8               
0000dd32  __mspabi_srai_9               
0000dac2  __mspabi_srli                 
0000db08  __mspabi_srli_1               
0000dae4  __mspabi_srli_10              
0000dae0  __mspabi_srli_11              
0000dadc  __mspabi_srli_12              
0000dad8  __mspabi_srli_13              
0000dad4  __mspabi_srli_14              
0000dad0  __mspabi_srli_15              
0000db04  __mspabi_srli_2               
0000db00  __mspabi_srli_3               
0000dafc  __mspabi_srli_4               
0000daf8  __mspabi_srli_5               
0000daf4  __mspabi_srli_6               
0000daf0  __mspabi_srli_7               
0000daec  __mspabi_srli_8               
0000dae8  __mspabi_srli_9               
0000df46  _c_int00_noargs               
0000fffe  _reset_vector                 
000003b0  _stack                        
0000e076  _system_post_cinit            
0000e072  _system_pre_init              
0000e06c  abort                         
00000212  capvalue_1                    
00000214  capvalue_2                    
0000c8a6  change_month_day              
0000cbaa  clock                         
00000254  clock_change                  
00000208  day                           
00000222  freq                          
0000ce74  freqmeter                     
00000206  hour                          
00000255  light                         
0000db0e  main                          
0000e042  memcpy                        
0000e01c  memset                        
00000204  min                           
0000020a  month                         
00000202  sec                           
00000200  task                          
0000024c  temp                          
0000d0f0  thermometer                   
0000020e  timestamp                     
00000216  timestamp_1                   
0000021a  timestamp_2                   
0000020c  timing                        
0000021e  totaltime                     
00000250  voltage                       
0000d2d6  voltmeter                     


GLOBAL SYMBOLS: SORTED BY Symbol Address 

address   name                          
-------   ----                          
00000000  IE1                           
00000001  IE2                           
00000002  IFG1                          
00000003  IFG2                          
00000010  P3REN                         
00000018  P3IN                          
00000019  P3OUT                         
0000001a  P3DIR                         
0000001b  P3SEL                         
00000020  P1IN                          
00000021  P1OUT                         
00000022  P1DIR                         
00000023  P1IFG                         
00000024  P1IES                         
00000025  P1IE                          
00000026  P1SEL                         
00000027  P1REN                         
00000028  P2IN                          
00000029  P2OUT                         
0000002a  P2DIR                         
0000002b  P2IFG                         
0000002c  P2IES                         
0000002d  P2IE                          
0000002e  P2SEL                         
0000002f  P2REN                         
00000041  P1SEL2                        
00000042  P2SEL2                        
00000043  P3SEL2                        
00000048  ADC10DTC0                     
00000049  ADC10DTC1                     
0000004a  ADC10AE0                      
00000050  __STACK_SIZE                  
00000053  BCSCTL3                       
00000056  DCOCTL                        
00000057  BCSCTL1                       
00000058  BCSCTL2                       
00000059  CACTL1                        
0000005a  CACTL2                        
0000005b  CAPD                          
0000005d  UCA0ABCTL                     
0000005e  UCA0IRTCTL                    
0000005f  UCA0IRRCTL                    
00000060  UCA0CTL0                      
00000061  UCA0CTL1                      
00000062  UCA0BR0                       
00000063  UCA0BR1                       
00000064  UCA0MCTL                      
00000065  UCA0STAT                      
00000066  UCA0RXBUF                     
00000067  UCA0TXBUF                     
00000068  UCB0CTL0                      
00000069  UCB0CTL1                      
0000006a  UCB0BR0                       
0000006b  UCB0BR1                       
0000006c  UCB0I2CIE                     
0000006d  UCB0STAT                      
0000006e  UCB0RXBUF                     
0000006f  UCB0TXBUF                     
00000118  UCB0I2COA                     
0000011a  UCB0I2CSA                     
0000011e  TA1IV                         
00000120  WDTCTL                        
00000128  FCTL1                         
0000012a  FCTL2                         
0000012c  FCTL3                         
0000012e  TA0IV                         
00000160  TA0CTL                        
00000162  TA0CCTL0                      
00000164  TA0CCTL1                      
00000166  TA0CCTL2                      
00000170  TA0R                          
00000172  TA0CCR0                       
00000174  TA0CCR1                       
00000176  TA0CCR2                       
00000180  TA1CTL                        
00000182  TA1CCTL0                      
00000184  TA1CCTL1                      
00000186  TA1CCTL2                      
00000190  TA1R                          
00000192  TA1CCR0                       
00000194  TA1CCR1                       
00000196  TA1CCR2                       
000001b0  ADC10CTL0                     
000001b2  ADC10CTL1                     
000001b4  ADC10MEM                      
000001bc  ADC10SA                       
00000200  task                          
00000202  sec                           
00000204  min                           
00000206  hour                          
00000208  day                           
0000020a  month                         
0000020c  timing                        
0000020e  timestamp                     
00000212  capvalue_1                    
00000214  capvalue_2                    
00000216  timestamp_1                   
0000021a  timestamp_2                   
0000021e  totaltime                     
00000222  freq                          
0000022c  LCD_Buffer                    
0000023c  TCA6416A_InputBuffer          
00000242  I2C_State                     
00000248  IntDeg                        
0000024c  temp                          
00000250  voltage                       
00000254  clock_change                  
00000255  light                         
000003b0  _stack                        
00000400  __STACK_END                   
000010c0  TLV_CHECKSUM                  
000010da  TLV_ADC10_1_TAG               
000010db  TLV_ADC10_1_LEN               
000010f6  TLV_DCO_30_TAG                
000010f7  TLV_DCO_30_LEN                
000010f8  CALDCO_16MHZ                  
000010f9  CALBC1_16MHZ                  
000010fa  CALDCO_12MHZ                  
000010fb  CALBC1_12MHZ                  
000010fc  CALDCO_8MHZ                   
000010fd  CALBC1_8MHZ                   
000010fe  CALDCO_1MHZ                   
000010ff  CALBC1_1MHZ                   
0000c000  LCD_DisplayDigit              
0000c53a  I2C_IODect                    
0000c8a6  change_month_day              
0000cbaa  clock                         
0000ce74  freqmeter                     
0000d0f0  thermometer                   
0000d2d6  voltmeter                     
0000d3ea  HT1621_init                   
0000d4ce  Time0_Tick                    
0000d5a2  __mspabi_mpyf                 
0000d666  PinOUT                        
0000d71a  __mspabi_divf                 
0000d7b6  HT1621_Reflash                
0000d83e  __mspabi_fixfli               
0000d8bc  __TI_decompress_lzss          
0000d938  Time1_Tick                    
0000d9aa  TCA6416A_Init                 
0000da18  __mspabi_divul                
0000da18  __mspabi_remul                
0000da70  PinIN                         
0000dac2  __mspabi_srli                 
0000dad0  __mspabi_srli_15              
0000dad4  __mspabi_srli_14              
0000dad8  __mspabi_srli_13              
0000dadc  __mspabi_srli_12              
0000dae0  __mspabi_srli_11              
0000dae4  __mspabi_srli_10              
0000dae8  __mspabi_srli_9               
0000daec  __mspabi_srli_8               
0000daf0  __mspabi_srli_7               
0000daf4  __mspabi_srli_6               
0000daf8  __mspabi_srli_5               
0000dafc  __mspabi_srli_4               
0000db00  __mspabi_srli_3               
0000db04  __mspabi_srli_2               
0000db08  __mspabi_srli_1               
0000db0e  main                          
0000db58  __mspabi_cmpf                 
0000dba2  __mspabi_fltlif               
0000dbec  __TI_auto_init_nobinit_nopinit
0000dc2e  __mspabi_divli                
0000dc2e  __mspabi_remli                
0000dc6e  USCIAB0TX_ISR                 
0000dcac  I2C_Init                      
0000dce4  HT1621_SendBit                
0000dd1a  __mspabi_srai                 
0000dd26  __mspabi_srai_15              
0000dd28  __mspabi_srai_14              
0000dd2a  __mspabi_srai_13              
0000dd2c  __mspabi_srai_12              
0000dd2e  __mspabi_srai_11              
0000dd30  __mspabi_srai_10              
0000dd32  __mspabi_srai_9               
0000dd34  __mspabi_srai_8               
0000dd36  __mspabi_srai_7               
0000dd38  __mspabi_srai_6               
0000dd3a  __mspabi_srai_5               
0000dd3c  __mspabi_srai_4               
0000dd3e  __mspabi_srai_3               
0000dd40  __mspabi_srai_2               
0000dd42  __mspabi_srai_1               
0000dd46  __mspabi_divi                 
0000dd46  __mspabi_remi                 
0000dd72  __mspabi_slli                 
0000dd7e  __mspabi_slli_15              
0000dd80  __mspabi_slli_14              
0000dd82  __mspabi_slli_13              
0000dd84  __mspabi_slli_12              
0000dd86  __mspabi_slli_11              
0000dd88  __mspabi_slli_10              
0000dd8a  __mspabi_slli_9               
0000dd8c  __mspabi_slli_8               
0000dd8e  __mspabi_slli_7               
0000dd90  __mspabi_slli_6               
0000dd92  __mspabi_slli_5               
0000dd94  __mspabi_slli_4               
0000dd96  __mspabi_slli_3               
0000dd98  __mspabi_slli_2               
0000dd9a  __mspabi_slli_1               
0000dd9e  I2C_RxFrame                   
0000ddc8  LCD_Init                      
0000ddf2  ADC10_Voltage_Init            
0000de1a  I2C_TxFrame                   
0000de40  __mspabi_mpyl                 
0000de40  __mspabi_mpyl_sw              
0000de66  ADC10_Temperature_Init        
0000de8a  I2C_TxFrame_ISR               
0000deac  I2C_Rx_Init                   
0000decc  I2C_Tx_Init                   
0000deec  I2C_RxFrame_ISR               
0000df0a  LCD_ClearSeg                  
0000df28  LCD_DisplaySeg                
0000df46  _c_int00_noargs               
0000df62  TIME_Init                     
0000df7c  Capture_Init                  
0000df94  InitSystemClock               
0000dfac  TCA6416_Rx_Frame              
0000dfc4  TCA6416_Tx_Frame              
0000dfdc  LCD_Clear                     
0000dff2  __mspabi_divu                 
0000dff2  __mspabi_remu                 
0000e008  __TI_zero_init_nomemset       
0000e01c  memset                        
0000e030  __TI_decompress_none          
0000e042  memcpy                        
0000e054  __mspabi_func_epilog_7        
0000e056  __mspabi_func_epilog_6        
0000e058  __mspabi_func_epilog_5        
0000e05a  __mspabi_func_epilog_4        
0000e05c  __mspabi_func_epilog_3        
0000e05e  __mspabi_func_epilog_2        
0000e060  __mspabi_func_epilog_1        
0000e064  __TI_ISR_TRAP                 
0000e06c  C$$EXIT                       
0000e06c  abort                         
0000e072  _system_pre_init              
0000e076  _system_post_cinit            
0000e08e  __TI_Handler_Table_Base       
0000e094  __TI_Handler_Table_Limit      
0000e098  __TI_CINIT_Base               
0000e0a0  __TI_CINIT_Limit              
0000e0a0  __TI_CINIT_Warm               
0000ffe0  __TI_int00                    
0000ffe4  __TI_int02                    
0000ffe6  __TI_int03                    
0000ffea  __TI_int05                    
0000ffec  __TI_int06                    
0000ffee  __TI_int07                    
0000fff0  __TI_int08                    
0000fff2  __TI_int09                    
0000fff4  __TI_int10                    
0000fff6  __TI_int11                    
0000fff8  __TI_int12                    
0000fffa  __TI_int13                    
0000fffc  __TI_int14                    
0000fffe  _reset_vector                 
ffffffff  __TI_pprof_out_hndl           
ffffffff  __TI_prof_data_size           
ffffffff  __TI_prof_data_start          
ffffffff  __c_args__                    

[263 symbols]
